// Jest Snapshot v1, https://goo.gl/fbAQLP

exports[`<Header /> should render the header 1`] = `
.c0 {
  display: -webkit-box;
  display: -webkit-flex;
  display: -ms-flexbox;
  display: flex;
  -webkit-align-items: center;
  -webkit-box-align: center;
  -ms-flex-align: center;
  align-items: center;
  -webkit-box-pack: justify;
  -webkit-justify-content: space-between;
  -ms-flex-pack: justify;
  justify-content: space-between;
  padding: 0.8rem 0;
  max-width: 130rem;
  margin: 0 auto;
}

.c0 img {
  width: 9.6rem;
  height: 9.6rem;
}

.c0 a {
  -webkit-text-decoration: none;
  text-decoration: none;
}

.c0 a + a {
  margin-left: 2.4rem;
}

.c1 {
  display: -webkit-inline-box;
  display: -webkit-inline-flex;
  display: -ms-inline-flexbox;
  display: inline-flex;
  -webkit-align-items: center;
  -webkit-box-align: center;
  -ms-flex-align: center;
  align-items: center;
  -webkit-box-pack: center;
  -webkit-justify-content: center;
  -ms-flex-pack: center;
  justify-content: center;
  background: #5ce1e6;
  color: #FFFFFF;
  font-family: Roboto,--apple-system,BlinkMacSystemFont,'Segoe UI',Roboto,Oxygen,Ubuntu,Cantarell,'Open Sans','Helvetica Neue',sans-serif;
  font-weight: 400;
  border: 0;
  border-radius: 0.4rem;
  cursor: pointer;
  padding: 0.8rem;
  -webkit-transition: background-color 0.1s ease-in-out;
  transition: background-color 0.1s ease-in-out;
  height: 3.6rem;
  font-size: 1.8rem;
  padding: 0.8rem 4.8rem;
  background: none;
  color: #5ce1e6;
  -webkit-transition: color 0.1s ease-in-out;
  transition: color 0.1s ease-in-out;
  padding: 0;
  height: auto;
}

.c1:hover {
  background: none;
}

.c1:disabled {
  opacity: 0.6;
  cursor: not-allowed;
}

.c1:disabled:hover {
  background: #5ce1e6;
}

.c1 svg {
  width: 2.4rem;
  height: 2.4rem;
}

.c1:hover {
  color: #39dae1;
}

.c1:disabled:hover {
  background: none;
  color: #5ce1e6;
}

.c2 {
  display: -webkit-inline-box;
  display: -webkit-inline-flex;
  display: -ms-inline-flexbox;
  display: inline-flex;
  -webkit-align-items: center;
  -webkit-box-align: center;
  -ms-flex-align: center;
  align-items: center;
  -webkit-box-pack: center;
  -webkit-justify-content: center;
  -ms-flex-pack: center;
  justify-content: center;
  background: #e55175;
  color: #FFFFFF;
  font-family: Roboto,--apple-system,BlinkMacSystemFont,'Segoe UI',Roboto,Oxygen,Ubuntu,Cantarell,'Open Sans','Helvetica Neue',sans-serif;
  font-weight: 400;
  border: 0;
  border-radius: 0.4rem;
  cursor: pointer;
  padding: 0.8rem;
  -webkit-transition: background-color 0.1s ease-in-out;
  transition: background-color 0.1s ease-in-out;
  height: 3rem;
  font-size: 1.4rem;
  padding: 0.8rem 3.2rem;
}

.c2:hover {
  background: #e23b63;
}

.c2:disabled {
  opacity: 0.6;
  cursor: not-allowed;
}

.c2:disabled:hover {
  background: #e55175;
}

<header
  class="c0"
>
  <img
    alt="Logo da confeitaria dona maria"
    src="logo.png"
  />
  <div>
    <button
      class="c1"
      color="primary"
    >
      <span>
        Vagas
      </span>
    </button>
    <button
      class="c2"
      color="secondary"
    >
      <span>
        Nova vaga
      </span>
    </button>
  </div>
</header>
`;
